../Core/Seeed_Arduino_SSCMA/src/Seeed_Arduino_SSCMA.cpp:408:13:void parse_event(SSCMA_t*, const char*)	56	static
../Core/Seeed_Arduino_SSCMA/src/Seeed_Arduino_SSCMA.cpp:58:13:0(GPIO_TypeDef*, uint16_t)	16	static
../Core/Seeed_Arduino_SSCMA/src/Seeed_Arduino_SSCMA.cpp:182:13:void i2c_cmd(SSCMA_t*, uint8_t, uint8_t, uint16_t, uint8_t*)	288	static
../Core/Seeed_Arduino_SSCMA/src/Seeed_Arduino_SSCMA.cpp:33:7:char* strnstr_custom(const char*, const char*, size_t)	24	static
../Core/Seeed_Arduino_SSCMA/src/Seeed_Arduino_SSCMA.cpp:114:5:int SSCMA_Write(SSCMA_t*, const char*, int)	40	static
../Core/Seeed_Arduino_SSCMA/src/Seeed_Arduino_SSCMA.cpp:141:5:int SSCMA_Read(SSCMA_t*, char*, int)	48	static
../Core/Seeed_Arduino_SSCMA/src/Seeed_Arduino_SSCMA.cpp:168:5:int SSCMA_Available(SSCMA_t*)	88	static
../Core/Seeed_Arduino_SSCMA/src/Seeed_Arduino_SSCMA.cpp:296:12:int wait_response(SSCMA_t*, int, const char*, uint32_t)	96	static
../Core/Seeed_Arduino_SSCMA/src/Seeed_Arduino_SSCMA.cpp:128:5:int SSCMA_SelectModel(SSCMA_t*, int)	40	static
../Core/Seeed_Arduino_SSCMA/src/Seeed_Arduino_SSCMA.cpp:155:5:int SSCMA_InvokeOnce(SSCMA_t*)	8	static
../Core/Seeed_Arduino_SSCMA/src/Seeed_Arduino_SSCMA.cpp:454:5:int SSCMA_Invoke(SSCMA_t*, int, bool, bool)	80	static
../Core/Seeed_Arduino_SSCMA/src/Seeed_Arduino_SSCMA.cpp:473:5:int SSCMA_InvokeMulti(SSCMA_t*)	8	static
../Core/Seeed_Arduino_SSCMA/src/Seeed_Arduino_SSCMA.cpp:487:7:char* SSCMA_GetInfo(SSCMA_t*, bool)	24	static
../Core/Seeed_Arduino_SSCMA/src/Seeed_Arduino_SSCMA.cpp:510:7:char* SSCMA_GetName(SSCMA_t*, bool)	24	static
../Core/Seeed_Arduino_SSCMA/src/Seeed_Arduino_SSCMA.cpp:533:7:char* SSCMA_GetID(SSCMA_t*, bool)	24	static
../Core/Seeed_Arduino_SSCMA/src/Seeed_Arduino_SSCMA.cpp:555:5:int SSCMA_GetModelInfo(SSCMA_t*)	24	static
../Core/Seeed_Arduino_SSCMA/src/Seeed_Arduino_SSCMA.cpp:563:5:int SSCMA_LoadModel(SSCMA_t*)	24	static
../Core/Seeed_Arduino_SSCMA/src/Seeed_Arduino_SSCMA.cpp:571:5:int SSCMA_QueryModel(SSCMA_t*)	0	static
../Core/Seeed_Arduino_SSCMA/src/Seeed_Arduino_SSCMA.cpp:578:5:int SSCMA_QueryStatus(SSCMA_t*)	8	static
../Core/Seeed_Arduino_SSCMA/src/Seeed_Arduino_SSCMA.cpp:586:5:int SSCMA_CleanActions(SSCMA_t*)	72	static
../Core/Seeed_Arduino_SSCMA/src/Seeed_Arduino_SSCMA.cpp:598:5:int SSCMA_SaveJPEG(SSCMA_t*)	72	static
../Core/Seeed_Arduino_SSCMA/src/Seeed_Arduino_SSCMA.cpp:610:6:bool SSCMA_SetRxBuffer(SSCMA_t*, uint32_t)	16	static
../Core/Seeed_Arduino_SSCMA/src/Seeed_Arduino_SSCMA.cpp:627:6:bool SSCMA_SetTxBuffer(SSCMA_t*, uint32_t)	16	static
../Core/Seeed_Arduino_SSCMA/src/Seeed_Arduino_SSCMA.cpp:68:6:bool SSCMA_Init_I2C(SSCMA_t*, I2C_HandleTypeDef*, GPIO_TypeDef*, uint16_t, uint16_t, uint32_t)	24	static
../Core/Seeed_Arduino_SSCMA/src/Seeed_Arduino_SSCMA.cpp:94:6:bool SSCMA_Init_UART(SSCMA_t*, UART_HandleTypeDef*, GPIO_TypeDef*, uint16_t, uint32_t)	24	static
../Core/Seeed_Arduino_SSCMA/src/Seeed_Arduino_SSCMA.cpp:644:6:void SSCMA_Fetch(SSCMA_t*, ResponseCallback)	48	static
../Core/Seeed_Arduino_SSCMA/src/Seeed_Arduino_SSCMA.cpp:693:5:int SSCMA_GetWiFi(SSCMA_t*, wifi_t*)	0	static
../Core/Seeed_Arduino_SSCMA/src/Seeed_Arduino_SSCMA.cpp:698:5:int SSCMA_GetMQTT(SSCMA_t*, mqtt_t*)	0	static
../Core/Seeed_Arduino_SSCMA/src/Seeed_Arduino_SSCMA.cpp:702:5:int SSCMA_SetWiFiStatus(SSCMA_t*, wifi_status_t*)	0	static
../Core/Seeed_Arduino_SSCMA/src/Seeed_Arduino_SSCMA.cpp:706:5:int SSCMA_SetMQTTStatus(SSCMA_t*, mqtt_status_t*)	0	static
